fix_server.js(1,1): error TS1490: File appears to be binary.
fix_server.js(7,19): error TS1127: Invalid character.
fix_server.js(8,6): error TS1005: ',' expected.
fix_server.js(8,11): error TS1005: ',' expected.
fix_server.js(11,28): error TS8016: Type assertion expressions can only be used in TypeScript files.
fix_server.js(13,40): error TS8010: Type annotations can only be used in TypeScript files.
fix_server.js(25,18): error TS1127: Invalid character.
fix_server.js(25,24): error TS1005: ',' expected.
fix_server.js(26,1): error TS1005: ',' expected.
fix_server.js(26,5): error TS1005: ',' expected.
fix_server.js(26,9): error TS1005: ',' expected.
fix_server.js(26,15): error TS1005: ',' expected.
fix_server.js(26,19): error TS1005: ',' expected.
fix_server.js(26,25): error TS1005: ',' expected.
fix_server.js(26,32): error TS1005: ',' expected.
fix_server.js(26,47): error TS1005: ',' expected.
fix_server.js(26,55): error TS1005: ',' expected.
fix_server.js(26,59): error TS1005: ',' expected.
fix_server.js(26,68): error TS1005: ',' expected.
fix_server.js(26,84): error TS1005: ',' expected.
fix_server.js(26,93): error TS1005: ',' expected.
fix_server.js(26,98): error TS1005: ',' expected.
fix_server.js(26,101): error TS1005: ',' expected.
fix_server.js(26,104): error TS1005: ',' expected.
fix_server.js(26,109): error TS1005: ',' expected.
fix_server.js(26,115): error TS1005: ',' expected.
fix_server.js(26,122): error TS1005: ',' expected.
fix_server.js(26,128): error TS1005: ',' expected.
fix_server.js(26,144): error TS1005: ',' expected.
fix_server.js(26,149): error TS1005: ',' expected.
fix_server.js(26,158): error TS1005: ',' expected.
fix_server.js(26,173): error TS1005: ',' expected.
fix_server.js(26,184): error TS1005: ',' expected.
fix_server.js(26,187): error TS1005: ',' expected.
fix_server.js(26,198): error TS1005: ',' expected.
fix_server.js(26,204): error TS1005: ',' expected.
fix_server.js(26,211): error TS1005: ',' expected.
fix_server.js(182,1): error TS1005: ')' expected.
server.ts(335,29): error TS1005: ',' expected.
server.ts(335,36): error TS1005: ',' expected.
server.ts(335,37): error TS1005: ',' expected.
server.ts(335,46): error TS1005: ',' expected.
server.ts(357,33): error TS1005: ')' expected.
server.ts(357,39): error TS1005: ',' expected.
server.ts(357,46): error TS1127: Invalid character.
server.ts(357,48): error TS1127: Invalid character.
server.ts(357,51): error TS1127: Invalid character.
server.ts(357,52): error TS1434: Unexpected keyword or identifier.
server.ts(357,54): error TS1434: Unexpected keyword or identifier.
server.ts(357,59): error TS1434: Unexpected keyword or identifier.
server.ts(357,62): error TS1434: Unexpected keyword or identifier.
server.ts(357,68): error TS1434: Unexpected keyword or identifier.
server.ts(357,89): error TS1005: ';' expected.
server.ts(357,100): error TS1109: Expression expected.
server.ts(357,104): error TS1005: '(' expected.
server.ts(357,113): error TS1005: ';' expected.
server.ts(357,115): error TS1005: ';' expected.
server.ts(357,120): error TS1005: ')' expected.
server.ts(357,123): error TS1434: Unexpected keyword or identifier.
server.ts(357,134): error TS1434: Unexpected keyword or identifier.
server.ts(357,139): error TS1434: Unexpected keyword or identifier.
server.ts(357,148): error TS1434: Unexpected keyword or identifier.
server.ts(357,154): error TS1434: Unexpected keyword or identifier.
server.ts(357,157): error TS1434: Unexpected keyword or identifier.
server.ts(357,164): error TS1434: Unexpected keyword or identifier.
server.ts(357,168): error TS1434: Unexpected keyword or identifier.
server.ts(357,177): error TS1434: Unexpected keyword or identifier.
server.ts(357,185): error TS1434: Unexpected keyword or identifier.
server.ts(357,190): error TS1434: Unexpected keyword or identifier.
server.ts(357,196): error TS1434: Unexpected keyword or identifier.
server.ts(357,200): error TS1434: Unexpected keyword or identifier.
server.ts(357,220): error TS1127: Invalid character.
server.ts(357,222): error TS1127: Invalid character.
server.ts(357,223): error TS1434: Unexpected keyword or identifier.
server.ts(357,230): error TS1434: Unexpected keyword or identifier.
server.ts(357,234): error TS1434: Unexpected keyword or identifier.
server.ts(357,248): error TS1127: Invalid character.
server.ts(357,257): error TS1005: ';' expected.
server.ts(357,280): error TS1127: Invalid character.
server.ts(357,289): error TS1005: ';' expected.
server.ts(357,297): error TS1434: Unexpected keyword or identifier.
server.ts(357,314): error TS1003: Identifier expected.
server.ts(357,327): error TS1005: ',' expected.
server.ts(357,354): error TS1127: Invalid character.
server.ts(357,362): error TS1005: ';' expected.
server.ts(357,382): error TS1127: Invalid character.
server.ts(357,391): error TS1005: ';' expected.
server.ts(357,401): error TS1434: Unexpected keyword or identifier.
server.ts(357,405): error TS1434: Unexpected keyword or identifier.
server.ts(357,419): error TS1127: Invalid character.
server.ts(357,421): error TS1127: Invalid character.
server.ts(357,422): error TS1434: Unexpected keyword or identifier.
server.ts(357,428): error TS1434: Unexpected keyword or identifier.
server.ts(357,430): error TS1434: Unexpected keyword or identifier.
server.ts(357,443): error TS1005: ';' expected.
server.ts(357,504): error TS1002: Unterminated string literal.
server.ts(358,6): error TS1472: 'catch' or 'finally' expected.
server.ts(372,7): error TS1128: Declaration or statement expected.
server.ts(398,5): error TS1128: Declaration or statement expected.
server.ts(398,7): error TS1005: 'try' expected.
server.ts(402,3): error TS1128: Declaration or statement expected.
server.ts(402,4): error TS1128: Declaration or statement expected.
server.ts(421,1): error TS1128: Declaration or statement expected.
